<html>
<body>
<pre>
<h1>µVision Build Log</h1>
<h2>Tool Versions:</h2>
IDE-Version: µVision V5.29.0.0
Copyright (C) 2019 ARM Ltd and ARM Germany GmbH. All rights reserved.
License Information: Mohamed El Greatly, Brightskiesinc, LIC=----
 
Tool Versions:
Toolchain:       MDK-Lite  Version: 5.29.0.0
Toolchain Path:  C:\Keil_v5\ARM\ARMCC\Bin
C Compiler:      Armcc.exe V5.06 update 6 (build 750)
Assembler:       Armasm.exe V5.06 update 6 (build 750)
Linker/Locator:  ArmLink.exe V5.06 update 6 (build 750)
Library Manager: ArmAr.exe V5.06 update 6 (build 750)
Hex Converter:   FromElf.exe V5.06 update 6 (build 750)
CPU DLL:         SARMCM3.DLL V5.29.0.0
Dialog DLL:      DCM.DLL V1.17.3.0
Target DLL:      lmidk-agdi.dll V???
Dialog DLL:      TCM.DLL V1.36.5.0
 
<h2>Project:</h2>
C:\Users\melgreatly\OneDrive - Brightskies Technologies\Documents\Mohamed Yehia El Greatly\Sprints\TivaC_Keil_PROJECTS\Projects\RGB V1.0\RGB_V1.uvprojx
Project File Date:  11/20/2023

<h2>Output:</h2>
*** Using Compiler 'V5.06 update 6 (build 750)', folder: 'C:\Keil_v5\ARM\ARMCC\Bin'
Build Project 'RGB_V1' - Target 'GPIOv1'
compiling rgb_led_program.c...
C:\Users\melgreatly\OneDrive - Brightskies Technologies\Documents\Mohamed Yehia El Greatly\Sprints\TivaC_Keil_PROJECTS\LIB\std_types.h(48): warning:  #1-D: last line of file ends without a newline
  #endif
C:\Users\melgreatly\OneDrive - Brightskies Technologies\Documents\Mohamed Yehia El Greatly\Sprints\TivaC_Keil_PROJECTS\LIB\error_check.h(18): warning:  #1-D: last line of file ends without a newline
  #endif
C:\Users\melgreatly\OneDrive - Brightskies Technologies\Documents\Mohamed Yehia El Greatly\Sprints\TivaC_Keil_PROJECTS\HAL\RGB_LED\rgb_led_program.c(17): warning:  #188-D: enumerated type mixed with another type
    str_ledsConfig_t str_l_ledOrGroup = { 0 } ;
C:\Users\melgreatly\OneDrive - Brightskies Technologies\Documents\Mohamed Yehia El Greatly\Sprints\TivaC_Keil_PROJECTS\HAL\RGB_LED\rgb_led_program.c(20): warning:  #188-D: enumerated type mixed with another type
    str_l_ledOrGroup.enu_ledsPinOrGroup = RGB_PINS;
C:\Users\melgreatly\OneDrive - Brightskies Technologies\Documents\Mohamed Yehia El Greatly\Sprints\TivaC_Keil_PROJECTS\HAL\RGB_LED\rgb_led_program.c(35): warning:  #188-D: enumerated type mixed with another type
    str_ledsConfig_t str_l_ledOrGroup = { 0 } ;
C:\Users\melgreatly\OneDrive - Brightskies Technologies\Documents\Mohamed Yehia El Greatly\Sprints\TivaC_Keil_PROJECTS\HAL\RGB_LED\rgb_led_program.c(38): warning:  #188-D: enumerated type mixed with another type
    str_l_ledOrGroup.enu_ledsPinOrGroup = RGB_PINS;
C:\Users\melgreatly\OneDrive - Brightskies Technologies\Documents\Mohamed Yehia El Greatly\Sprints\TivaC_Keil_PROJECTS\HAL\RGB_LED\rgb_led_program.c(53): warning:  #188-D: enumerated type mixed with another type
    str_ledsConfig_t str_l_ledOrGroup = { 0 } ;
C:\Users\melgreatly\OneDrive - Brightskies Technologies\Documents\Mohamed Yehia El Greatly\Sprints\TivaC_Keil_PROJECTS\HAL\RGB_LED\rgb_led_program.c(56): warning:  #188-D: enumerated type mixed with another type
    str_l_ledOrGroup.enu_ledsPinOrGroup = RGB_PINS;
C:\Users\melgreatly\OneDrive - Brightskies Technologies\Documents\Mohamed Yehia El Greatly\Sprints\TivaC_Keil_PROJECTS\HAL\RGB_LED\rgb_led_program.c(59): warning:  #188-D: enumerated type mixed with another type
  	enu_l_retFunction |= leds_changeStatus(&str_l_ledOrGroup ,  enu_rgbColorON);
..\..\HAL\RGB_LED\rgb_led_program.c: 9 warnings, 0 errors
compiling app1_rgb.c...
C:\Users\melgreatly\OneDrive - Brightskies Technologies\Documents\Mohamed Yehia El Greatly\Sprints\TivaC_Keil_PROJECTS\LIB\std_types.h(48): warning:  #1-D: last line of file ends without a newline
  #endif
C:\Users\melgreatly\OneDrive - Brightskies Technologies\Documents\Mohamed Yehia El Greatly\Sprints\TivaC_Keil_PROJECTS\LIB\error_check.h(18): warning:  #1-D: last line of file ends without a newline
  #endif
C:\Users\melgreatly\OneDrive - Brightskies Technologies\Documents\Mohamed Yehia El Greatly\Sprints\TivaC_Keil_PROJECTS\APP\app1_rgb.c(72): warning:  #1-D: last line of file ends without a newline
  /************************************************************************/
..\..\APP\app1_rgb.c: 3 warnings, 0 errors
compiling gpio_program.c...
C:\Users\melgreatly\OneDrive - Brightskies Technologies\Documents\Mohamed Yehia El Greatly\Sprints\TivaC_Keil_PROJECTS\LIB\std_types.h(48): warning:  #1-D: last line of file ends without a newline
  #endif
C:\Users\melgreatly\OneDrive - Brightskies Technologies\Documents\Mohamed Yehia El Greatly\Sprints\TivaC_Keil_PROJECTS\LIB\error_check.h(18): warning:  #1-D: last line of file ends without a newline
  #endif
C:\Users\melgreatly\OneDrive - Brightskies Technologies\Documents\Mohamed Yehia El Greatly\Sprints\TivaC_Keil_PROJECTS\LIB\bit_math.h(44): warning:  #1-D: last line of file ends without a newline
  #endif
C:\Users\melgreatly\OneDrive - Brightskies Technologies\Documents\Mohamed Yehia El Greatly\Sprints\TivaC_Keil_PROJECTS\MCAL\GPIO\gpio_interface.h(140): warning:  #1-D: last line of file ends without a newline
  #endif
C:\Users\melgreatly\OneDrive - Brightskies Technologies\Documents\Mohamed Yehia El Greatly\Sprints\TivaC_Keil_PROJECTS\MCAL\GPIO\gpio_private.h(68): warning:  #1-D: last line of file ends without a newline
  #endif
C:\Users\melgreatly\OneDrive - Brightskies Technologies\Documents\Mohamed Yehia El Greatly\Sprints\TivaC_Keil_PROJECTS\MCAL\GPIO\gpio_program.c(41): warning:  #14-D: extra text after expected end of preprocessing directive
  		  #ifdef  GPIO_BUS        ==       GPIO_APB
C:\Users\melgreatly\OneDrive - Brightskies Technologies\Documents\Mohamed Yehia El Greatly\Sprints\TivaC_Keil_PROJECTS\MCAL\GPIO\gpio_program.c(146): warning:  #188-D: enumerated type mixed with another type
  						NVIC_EnableIRQ(str_ptr_pinOrGroup->enu_gpioPort);
C:\Users\melgreatly\OneDrive - Brightskies Technologies\Documents\Mohamed Yehia El Greatly\Sprints\TivaC_Keil_PROJECTS\MCAL\GPIO\gpio_program.c(228): warning:  #14-D: extra text after expected end of preprocessing directive
  		  #ifdef  GPIO_BUS        ==       GPIO_APB
C:\Users\melgreatly\OneDrive - Brightskies Technologies\Documents\Mohamed Yehia El Greatly\Sprints\TivaC_Keil_PROJECTS\MCAL\GPIO\gpio_program.c(316): warning:  #14-D: extra text after expected end of preprocessing directive
  		  #ifdef  GPIO_BUS        ==       GPIO_APB
C:\Users\melgreatly\OneDrive - Brightskies Technologies\Documents\Mohamed Yehia El Greatly\Sprints\TivaC_Keil_PROJECTS\MCAL\GPIO\gpio_program.c(388): warning:  #14-D: extra text after expected end of preprocessing directive
  		  #ifdef  GPIO_BUS        ==       GPIO_APB
C:\Users\melgreatly\OneDrive - Brightskies Technologies\Documents\Mohamed Yehia El Greatly\Sprints\TivaC_Keil_PROJECTS\MCAL\GPIO\gpio_program.c(402): warning:  #188-D: enumerated type mixed with another type
  				enu_l_pinsLevelOrValue = (uint8_t)GPIO_DATA_BIT_BAND(enu_l_port , (uint8_t)str_ptr_pinOrGroup->enu_gpioPinOrGroup);
C:\Users\melgreatly\OneDrive - Brightskies Technologies\Documents\Mohamed Yehia El Greatly\Sprints\TivaC_Keil_PROJECTS\MCAL\GPIO\gpio_program.c(454): warning:  #14-D: extra text after expected end of preprocessing directive
  		  #ifdef  GPIO_BUS        ==       GPIO_APB
C:\Users\melgreatly\OneDrive - Brightskies Technologies\Documents\Mohamed Yehia El Greatly\Sprints\TivaC_Keil_PROJECTS\MCAL\GPIO\gpio_program.c(470): warning:  #188-D: enumerated type mixed with another type
  			    enu_l_pinsLevelOrValue = (uint8_t)GPIO_DATA_BIT_BAND(enu_l_port , (uint8_t)str_ptr_pinOrGroup->enu_gpioPinOrGroup);
C:\Users\melgreatly\OneDrive - Brightskies Technologies\Documents\Mohamed Yehia El Greatly\Sprints\TivaC_Keil_PROJECTS\MCAL\GPIO\gpio_program.c(598): warning:  #188-D: enumerated type mixed with another type
  			    	enu_l_retFunction = ERROR_CHECK(FALSE); /* GPIO_WRONG_INPUT_VALUE */
C:\Users\melgreatly\OneDrive - Brightskies Technologies\Documents\Mohamed Yehia El Greatly\Sprints\TivaC_Keil_PROJECTS\MCAL\GPIO\gpio_program.c(624): warning:  #14-D: extra text after expected end of preprocessing directive
  	#ifdef  GPIO_BUS        ==       GPIO_APB
C:\Users\melgreatly\OneDrive - Brightskies Technologies\Documents\Mohamed Yehia El Greatly\Sprints\TivaC_Keil_PROJECTS\MCAL\GPIO\gpio_program.c(693): warning:  #1-D: last line of file ends without a newline
  /************************************************************************/
..\..\MCAL\GPIO\gpio_program.c: 16 warnings, 0 errors
linking...
Program Size: Code=4768 RO-data=652 RW-data=12 ZI-data=820  
FromELF: creating hex file...
".\Objects\GPIOv1.axf" - 0 Error(s), 28 Warning(s).

<h2>Software Packages used:</h2>

Package Vendor: ARM
                http://www.keil.com/pack/ARM.CMSIS.5.6.0.pack
                ARM.CMSIS.5.6.0
                CMSIS (Cortex Microcontroller Software Interface Standard)
   * Component: CORE Version: 5.3.0

Package Vendor: Keil
                http://www.keil.com/pack/Keil.TM4C_DFP.1.1.0.pack
                Keil.TM4C_DFP.1.1.0
                Texas Instruments Tiva C Series Device Support and Examples
   * Component: Startup Version: 1.0.1

<h2>Collection of Component include folders:</h2>
  .\RTE\_GPIOv1
  C:\Users\melgreatly\AppData\Local\Arm\Packs\ARM\CMSIS\5.6.0\CMSIS\Core\Include
  C:\Users\melgreatly\AppData\Local\Arm\Packs\Keil\TM4C_DFP\1.1.0\Device\Include\TM4C123

<h2>Collection of Component Files used:</h2>

   * Component: ARM::CMSIS:CORE:5.3.0

   * Component: Keil::Device:Startup:1.0.1
      Include file:  Device\Include\TM4C123\TM4C123.h
      Source file:   Device\Source\ARM\startup_TM4C123.s
      Source file:   Device\Source\system_TM4C123.c
Build Time Elapsed:  00:00:01
</pre>
</body>
</html>
